  Determining projects to restore...
  All projects are up-to-date for restore.
  Nexus.Models -> C:\Users\subnanda\Downloads\nexus-hyperintelligence\src\Nexus.Models\bin\Release\net8.0\Nexus.Models.dll
  Nexus.Crypto -> C:\Users\subnanda\Downloads\nexus-hyperintelligence\src\Nexus.Crypto\bin\Release\net8.0\Nexus.Crypto.dll
  Nexus.Core -> C:\Users\subnanda\Downloads\nexus-hyperintelligence\src\Nexus.Core\bin\Release\net8.0\Nexus.Core.dll
C:\Users\subnanda\Downloads\nexus-hyperintelligence\src\Nexus.Agents\SwarmOrchestrator.cs(59,40): warning CS1998: This async method lacks 'await' operators and will run synchronously. Consider using the 'await' operator to await non-blocking API calls, or 'await Task.Run(...)' to do CPU-bound work on a background thread. [C:\Users\subnanda\Downloads\nexus-hyperintelligence\src\Nexus.Agents\Nexus.Agents.csproj]
  Nexus.Agents -> C:\Users\subnanda\Downloads\nexus-hyperintelligence\src\Nexus.Agents\bin\Release\net8.0\Nexus.Agents.dll
C:\Users\subnanda\Downloads\nexus-hyperintelligence\src\Nexus.Tests.Unit\TenantServiceTests.cs(153,19): error CS1061: 'KnowledgeGraphService' does not contain a definition for 'AddNodeAsync' and no accessible extension method 'AddNodeAsync' accepting a first argument of type 'KnowledgeGraphService' could be found (are you missing a using directive or an assembly reference?) [C:\Users\subnanda\Downloads\nexus-hyperintelligence\src\Nexus.Tests.Unit\Nexus.Tests.Unit.csproj]
C:\Users\subnanda\Downloads\nexus-hyperintelligence\src\Nexus.Tests.Unit\TenantServiceTests.cs(154,65): error CS0117: 'KnowledgeQuery' does not contain a definition for 'Query' [C:\Users\subnanda\Downloads\nexus-hyperintelligence\src\Nexus.Tests.Unit\Nexus.Tests.Unit.csproj]
C:\Users\subnanda\Downloads\nexus-hyperintelligence\src\Nexus.Tests.Unit\ConnectorTests.cs(109,13): error CS1061: 'EventBusService' does not contain a definition for 'Subscribe' and no accessible extension method 'Subscribe' accepting a first argument of type 'EventBusService' could be found (are you missing a using directive or an assembly reference?) [C:\Users\subnanda\Downloads\nexus-hyperintelligence\src\Nexus.Tests.Unit\Nexus.Tests.Unit.csproj]
C:\Users\subnanda\Downloads\nexus-hyperintelligence\src\Nexus.Tests.Unit\ConnectorTests.cs(110,23): error CS7036: There is no argument given that corresponds to the required parameter 'EventId' of 'AgentEvent.AgentEvent(string, string, string, string, DateTimeOffset, Dictionary<string, object>)' [C:\Users\subnanda\Downloads\nexus-hyperintelligence\src\Nexus.Tests.Unit\Nexus.Tests.Unit.csproj]
C:\Users\subnanda\Downloads\nexus-hyperintelligence\src\Nexus.Tests.Unit\TenantServiceTests.cs(161,19): error CS1061: 'KnowledgeGraphService' does not contain a definition for 'AddNodeAsync' and no accessible extension method 'AddNodeAsync' accepting a first argument of type 'KnowledgeGraphService' could be found (are you missing a using directive or an assembly reference?) [C:\Users\subnanda\Downloads\nexus-hyperintelligence\src\Nexus.Tests.Unit\Nexus.Tests.Unit.csproj]
C:\Users\subnanda\Downloads\nexus-hyperintelligence\src\Nexus.Tests.Unit\TenantServiceTests.cs(162,19): error CS1061: 'KnowledgeGraphService' does not contain a definition for 'AddNodeAsync' and no accessible extension method 'AddNodeAsync' accepting a first argument of type 'KnowledgeGraphService' could be found (are you missing a using directive or an assembly reference?) [C:\Users\subnanda\Downloads\nexus-hyperintelligence\src\Nexus.Tests.Unit\Nexus.Tests.Unit.csproj]
C:\Users\subnanda\Downloads\nexus-hyperintelligence\src\Nexus.Tests.Unit\TenantServiceTests.cs(163,40): error CS0117: 'KnowledgeEdge' does not contain a definition for 'FromNodeId' [C:\Users\subnanda\Downloads\nexus-hyperintelligence\src\Nexus.Tests.Unit\Nexus.Tests.Unit.csproj]
C:\Users\subnanda\Downloads\nexus-hyperintelligence\src\Nexus.Tests.Unit\TenantServiceTests.cs(163,58): error CS0117: 'KnowledgeEdge' does not contain a definition for 'ToNodeId' [C:\Users\subnanda\Downloads\nexus-hyperintelligence\src\Nexus.Tests.Unit\Nexus.Tests.Unit.csproj]
C:\Users\subnanda\Downloads\nexus-hyperintelligence\src\Nexus.Tests.Unit\TenantServiceTests.cs(164,19): error CS1061: 'KnowledgeGraphService' does not contain a definition for 'AddEdgeAsync' and no accessible extension method 'AddEdgeAsync' accepting a first argument of type 'KnowledgeGraphService' could be found (are you missing a using directive or an assembly reference?) [C:\Users\subnanda\Downloads\nexus-hyperintelligence\src\Nexus.Tests.Unit\Nexus.Tests.Unit.csproj]
C:\Users\subnanda\Downloads\nexus-hyperintelligence\src\Nexus.Tests.Unit\TenantServiceTests.cs(165,65): error CS0117: 'KnowledgeQuery' does not contain a definition for 'Query' [C:\Users\subnanda\Downloads\nexus-hyperintelligence\src\Nexus.Tests.Unit\Nexus.Tests.Unit.csproj]
C:\Users\subnanda\Downloads\nexus-hyperintelligence\src\Nexus.Tests.Unit\ConnectorTests.cs(119,70): error CS7036: There is no argument given that corresponds to the required parameter 'EventId' of 'AgentEvent.AgentEvent(string, string, string, string, DateTimeOffset, Dictionary<string, object>)' [C:\Users\subnanda\Downloads\nexus-hyperintelligence\src\Nexus.Tests.Unit\Nexus.Tests.Unit.csproj]
C:\Users\subnanda\Downloads\nexus-hyperintelligence\src\Nexus.Tests.Unit\TenantServiceTests.cs(173,86): error CS0117: 'KnowledgeNode' does not contain a definition for 'EmbeddingVector' [C:\Users\subnanda\Downloads\nexus-hyperintelligence\src\Nexus.Tests.Unit\Nexus.Tests.Unit.csproj]
C:\Users\subnanda\Downloads\nexus-hyperintelligence\src\Nexus.Tests.Unit\TenantServiceTests.cs(173,23): error CS1061: 'KnowledgeGraphService' does not contain a definition for 'AddNodeAsync' and no accessible extension method 'AddNodeAsync' accepting a first argument of type 'KnowledgeGraphService' could be found (are you missing a using directive or an assembly reference?) [C:\Users\subnanda\Downloads\nexus-hyperintelligence\src\Nexus.Tests.Unit\Nexus.Tests.Unit.csproj]
C:\Users\subnanda\Downloads\nexus-hyperintelligence\src\Nexus.Tests.Unit\TenantServiceTests.cs(174,33): error CS1061: 'KnowledgeGraphService' does not contain a definition for 'SemanticSearchAsync' and no accessible extension method 'SemanticSearchAsync' accepting a first argument of type 'KnowledgeGraphService' could be found (are you missing a using directive or an assembly reference?) [C:\Users\subnanda\Downloads\nexus-hyperintelligence\src\Nexus.Tests.Unit\Nexus.Tests.Unit.csproj]
C:\Users\subnanda\Downloads\nexus-hyperintelligence\src\Nexus.Tests.Unit\SwarmTests.cs(168,27): error CS7036: There is no argument given that corresponds to the required parameter 'eventBus' of 'AgentFactory.AgentFactory(ILogger<AgentFactory>, ILoggerFactory, IEventBusService)' [C:\Users\subnanda\Downloads\nexus-hyperintelligence\src\Nexus.Tests.Unit\Nexus.Tests.Unit.csproj]
C:\Users\subnanda\Downloads\nexus-hyperintelligence\src\Nexus.Tests.Unit\SwarmTests.cs(29,30): error CS0117: 'SwarmStatus' does not contain a definition for 'Initializing' [C:\Users\subnanda\Downloads\nexus-hyperintelligence\src\Nexus.Tests.Unit\Nexus.Tests.Unit.csproj]
C:\Users\subnanda\Downloads\nexus-hyperintelligence\src\Nexus.Tests.Unit\TenantServiceTests.cs(181,20): error CS1061: 'KnowledgeGraphService' does not contain a definition for 'GetNodeCountAsync' and no accessible extension method 'GetNodeCountAsync' accepting a first argument of type 'KnowledgeGraphService' could be found (are you missing a using directive or an assembly reference?) [C:\Users\subnanda\Downloads\nexus-hyperintelligence\src\Nexus.Tests.Unit\Nexus.Tests.Unit.csproj]
C:\Users\subnanda\Downloads\nexus-hyperintelligence\src\Nexus.Tests.Unit\ConnectorTests.cs(126,13): error CS1061: 'EventBusService' does not contain a definition for 'Subscribe' and no accessible extension method 'Subscribe' accepting a first argument of type 'EventBusService' could be found (are you missing a using directive or an assembly reference?) [C:\Users\subnanda\Downloads\nexus-hyperintelligence\src\Nexus.Tests.Unit\Nexus.Tests.Unit.csproj]
C:\Users\subnanda\Downloads\nexus-hyperintelligence\src\Nexus.Tests.Unit\ConnectorTests.cs(127,13): error CS1061: 'EventBusService' does not contain a definition for 'Subscribe' and no accessible extension method 'Subscribe' accepting a first argument of type 'EventBusService' could be found (are you missing a using directive or an assembly reference?) [C:\Users\subnanda\Downloads\nexus-hyperintelligence\src\Nexus.Tests.Unit\Nexus.Tests.Unit.csproj]
C:\Users\subnanda\Downloads\nexus-hyperintelligence\src\Nexus.Tests.Unit\ConnectorTests.cs(128,47): error CS7036: There is no argument given that corresponds to the required parameter 'EventId' of 'AgentEvent.AgentEvent(string, string, string, string, DateTimeOffset, Dictionary<string, object>)' [C:\Users\subnanda\Downloads\nexus-hyperintelligence\src\Nexus.Tests.Unit\Nexus.Tests.Unit.csproj]
C:\Users\subnanda\Downloads\nexus-hyperintelligence\src\Nexus.Tests.Unit\TenantServiceTests.cs(188,23): error CS1061: 'KnowledgeGraphService' does not contain a definition for 'AddNodeAsync' and no accessible extension method 'AddNodeAsync' accepting a first argument of type 'KnowledgeGraphService' could be found (are you missing a using directive or an assembly reference?) [C:\Users\subnanda\Downloads\nexus-hyperintelligence\src\Nexus.Tests.Unit\Nexus.Tests.Unit.csproj]
C:\Users\subnanda\Downloads\nexus-hyperintelligence\src\Nexus.Tests.Unit\TenantServiceTests.cs(189,20): error CS1061: 'KnowledgeGraphService' does not contain a definition for 'GetNodeCountAsync' and no accessible extension method 'GetNodeCountAsync' accepting a first argument of type 'KnowledgeGraphService' could be found (are you missing a using directive or an assembly reference?) [C:\Users\subnanda\Downloads\nexus-hyperintelligence\src\Nexus.Tests.Unit\Nexus.Tests.Unit.csproj]
C:\Users\subnanda\Downloads\nexus-hyperintelligence\src\Nexus.Tests.Unit\SwarmTests.cs(176,27): error CS7036: There is no argument given that corresponds to the required parameter 'eventBus' of 'AgentFactory.AgentFactory(ILogger<AgentFactory>, ILoggerFactory, IEventBusService)' [C:\Users\subnanda\Downloads\nexus-hyperintelligence\src\Nexus.Tests.Unit\Nexus.Tests.Unit.csproj]
C:\Users\subnanda\Downloads\nexus-hyperintelligence\src\Nexus.Tests.Unit\ConnectorTests.cs(136,13): error CS1061: 'EventBusService' does not contain a definition for 'Subscribe' and no accessible extension method 'Subscribe' accepting a first argument of type 'EventBusService' could be found (are you missing a using directive or an assembly reference?) [C:\Users\subnanda\Downloads\nexus-hyperintelligence\src\Nexus.Tests.Unit\Nexus.Tests.Unit.csproj]
C:\Users\subnanda\Downloads\nexus-hyperintelligence\src\Nexus.Tests.Unit\ConnectorTests.cs(137,13): error CS1061: 'EventBusService' does not contain a definition for 'Subscribe' and no accessible extension method 'Subscribe' accepting a first argument of type 'EventBusService' could be found (are you missing a using directive or an assembly reference?) [C:\Users\subnanda\Downloads\nexus-hyperintelligence\src\Nexus.Tests.Unit\Nexus.Tests.Unit.csproj]
C:\Users\subnanda\Downloads\nexus-hyperintelligence\src\Nexus.Tests.Unit\ConnectorTests.cs(138,41): error CS7036: There is no argument given that corresponds to the required parameter 'EventId' of 'AgentEvent.AgentEvent(string, string, string, string, DateTimeOffset, Dictionary<string, object>)' [C:\Users\subnanda\Downloads\nexus-hyperintelligence\src\Nexus.Tests.Unit\Nexus.Tests.Unit.csproj]
C:\Users\subnanda\Downloads\nexus-hyperintelligence\src\Nexus.Tests.Unit\SwarmTests.cs(57,21): error CS0103: The name 'SwarmFactory' does not exist in the current context [C:\Users\subnanda\Downloads\nexus-hyperintelligence\src\Nexus.Tests.Unit\Nexus.Tests.Unit.csproj]
C:\Users\subnanda\Downloads\nexus-hyperintelligence\src\Nexus.Tests.Unit\ConnectorTests.cs(146,13): error CS1061: 'EventBusService' does not contain a definition for 'Subscribe' and no accessible extension method 'Subscribe' accepting a first argument of type 'EventBusService' could be found (are you missing a using directive or an assembly reference?) [C:\Users\subnanda\Downloads\nexus-hyperintelligence\src\Nexus.Tests.Unit\Nexus.Tests.Unit.csproj]
C:\Users\subnanda\Downloads\nexus-hyperintelligence\src\Nexus.Tests.Unit\ConnectorTests.cs(147,52): error CS7036: There is no argument given that corresponds to the required parameter 'EventId' of 'SwarmEvent.SwarmEvent(string, string, string, string, DateTimeOffset, Dictionary<string, object>)' [C:\Users\subnanda\Downloads\nexus-hyperintelligence\src\Nexus.Tests.Unit\Nexus.Tests.Unit.csproj]
C:\Users\subnanda\Downloads\nexus-hyperintelligence\src\Nexus.Tests.Unit\SwarmTests.cs(80,21): error CS0103: The name 'SwarmFactory' does not exist in the current context [C:\Users\subnanda\Downloads\nexus-hyperintelligence\src\Nexus.Tests.Unit\Nexus.Tests.Unit.csproj]
C:\Users\subnanda\Downloads\nexus-hyperintelligence\src\Nexus.Tests.Unit\SwarmTests.cs(91,21): error CS0103: The name 'SwarmFactory' does not exist in the current context [C:\Users\subnanda\Downloads\nexus-hyperintelligence\src\Nexus.Tests.Unit\Nexus.Tests.Unit.csproj]
C:\Users\subnanda\Downloads\nexus-hyperintelligence\src\Nexus.Tests.Unit\SwarmTests.cs(98,21): error CS0103: The name 'SwarmFactory' does not exist in the current context [C:\Users\subnanda\Downloads\nexus-hyperintelligence\src\Nexus.Tests.Unit\Nexus.Tests.Unit.csproj]
C:\Users\subnanda\Downloads\nexus-hyperintelligence\src\Nexus.Tests.Unit\SwarmTests.cs(106,21): error CS0103: The name 'SwarmFactory' does not exist in the current context [C:\Users\subnanda\Downloads\nexus-hyperintelligence\src\Nexus.Tests.Unit\Nexus.Tests.Unit.csproj]
C:\Users\subnanda\Downloads\nexus-hyperintelligence\src\Nexus.Tests.Unit\SwarmTests.cs(184,27): error CS7036: There is no argument given that corresponds to the required parameter 'eventBus' of 'AgentFactory.AgentFactory(ILogger<AgentFactory>, ILoggerFactory, IEventBusService)' [C:\Users\subnanda\Downloads\nexus-hyperintelligence\src\Nexus.Tests.Unit\Nexus.Tests.Unit.csproj]
C:\Users\subnanda\Downloads\nexus-hyperintelligence\src\Nexus.Tests.Unit\SwarmTests.cs(114,21): error CS0103: The name 'SwarmFactory' does not exist in the current context [C:\Users\subnanda\Downloads\nexus-hyperintelligence\src\Nexus.Tests.Unit\Nexus.Tests.Unit.csproj]
C:\Users\subnanda\Downloads\nexus-hyperintelligence\src\Nexus.Tests.Unit\SwarmTests.cs(192,27): error CS7036: There is no argument given that corresponds to the required parameter 'eventBus' of 'AgentFactory.AgentFactory(ILogger<AgentFactory>, ILoggerFactory, IEventBusService)' [C:\Users\subnanda\Downloads\nexus-hyperintelligence\src\Nexus.Tests.Unit\Nexus.Tests.Unit.csproj]
C:\Users\subnanda\Downloads\nexus-hyperintelligence\src\Nexus.Tests.Unit\SwarmTests.cs(121,21): error CS0103: The name 'SwarmFactory' does not exist in the current context [C:\Users\subnanda\Downloads\nexus-hyperintelligence\src\Nexus.Tests.Unit\Nexus.Tests.Unit.csproj]
C:\Users\subnanda\Downloads\nexus-hyperintelligence\src\Nexus.Tests.Unit\SwarmTests.cs(129,21): error CS0103: The name 'SwarmFactory' does not exist in the current context [C:\Users\subnanda\Downloads\nexus-hyperintelligence\src\Nexus.Tests.Unit\Nexus.Tests.Unit.csproj]
C:\Users\subnanda\Downloads\nexus-hyperintelligence\src\Nexus.Tests.Unit\SwarmTests.cs(200,27): error CS7036: There is no argument given that corresponds to the required parameter 'eventBus' of 'AgentFactory.AgentFactory(ILogger<AgentFactory>, ILoggerFactory, IEventBusService)' [C:\Users\subnanda\Downloads\nexus-hyperintelligence\src\Nexus.Tests.Unit\Nexus.Tests.Unit.csproj]
C:\Users\subnanda\Downloads\nexus-hyperintelligence\src\Nexus.Tests.Unit\TenantServiceTests.cs(53,62): error CS0117: 'TenantCreateRequest' does not contain a definition for 'ContactEmail' [C:\Users\subnanda\Downloads\nexus-hyperintelligence\src\Nexus.Tests.Unit\Nexus.Tests.Unit.csproj]
C:\Users\subnanda\Downloads\nexus-hyperintelligence\src\Nexus.Tests.Unit\SwarmTests.cs(138,21): error CS0103: The name 'SwarmFactory' does not exist in the current context [C:\Users\subnanda\Downloads\nexus-hyperintelligence\src\Nexus.Tests.Unit\Nexus.Tests.Unit.csproj]
C:\Users\subnanda\Downloads\nexus-hyperintelligence\src\Nexus.Tests.Unit\TenantServiceTests.cs(63,83): error CS0117: 'TenantCreateRequest' does not contain a definition for 'ContactEmail' [C:\Users\subnanda\Downloads\nexus-hyperintelligence\src\Nexus.Tests.Unit\Nexus.Tests.Unit.csproj]
C:\Users\subnanda\Downloads\nexus-hyperintelligence\src\Nexus.Tests.Unit\SwarmTests.cs(147,21): error CS0103: The name 'SwarmFactory' does not exist in the current context [C:\Users\subnanda\Downloads\nexus-hyperintelligence\src\Nexus.Tests.Unit\Nexus.Tests.Unit.csproj]
C:\Users\subnanda\Downloads\nexus-hyperintelligence\src\Nexus.Tests.Unit\TenantServiceTests.cs(70,83): error CS0117: 'TenantCreateRequest' does not contain a definition for 'ContactEmail' [C:\Users\subnanda\Downloads\nexus-hyperintelligence\src\Nexus.Tests.Unit\Nexus.Tests.Unit.csproj]
C:\Users\subnanda\Downloads\nexus-hyperintelligence\src\Nexus.Tests.Unit\TenantServiceTests.cs(77,29): error CS1061: 'TenantService' does not contain a definition for 'GetAllTenantsAsync' and no accessible extension method 'GetAllTenantsAsync' accepting a first argument of type 'TenantService' could be found (are you missing a using directive or an assembly reference?) [C:\Users\subnanda\Downloads\nexus-hyperintelligence\src\Nexus.Tests.Unit\Nexus.Tests.Unit.csproj]
C:\Users\subnanda\Downloads\nexus-hyperintelligence\src\Nexus.Tests.Unit\TenantServiceTests.cs(84,79): error CS0117: 'TenantCreateRequest' does not contain a definition for 'ContactEmail' [C:\Users\subnanda\Downloads\nexus-hyperintelligence\src\Nexus.Tests.Unit\Nexus.Tests.Unit.csproj]
C:\Users\subnanda\Downloads\nexus-hyperintelligence\src\Nexus.Tests.Unit\TenantServiceTests.cs(85,29): error CS1061: 'TenantService' does not contain a definition for 'GetAllTenantsAsync' and no accessible extension method 'GetAllTenantsAsync' accepting a first argument of type 'TenantService' could be found (are you missing a using directive or an assembly reference?) [C:\Users\subnanda\Downloads\nexus-hyperintelligence\src\Nexus.Tests.Unit\Nexus.Tests.Unit.csproj]
C:\Users\subnanda\Downloads\nexus-hyperintelligence\src\Nexus.Tests.Unit\TenantServiceTests.cs(107,83): error CS0117: 'TenantCreateRequest' does not contain a definition for 'ContactEmail' [C:\Users\subnanda\Downloads\nexus-hyperintelligence\src\Nexus.Tests.Unit\Nexus.Tests.Unit.csproj]
C:\Users\subnanda\Downloads\nexus-hyperintelligence\src\Nexus.Tests.Unit\TenantServiceTests.cs(115,19): error CS1061: 'TenantService' does not contain a definition for 'IncrementAgentCountAsync' and no accessible extension method 'IncrementAgentCountAsync' accepting a first argument of type 'TenantService' could be found (are you missing a using directive or an assembly reference?) [C:\Users\subnanda\Downloads\nexus-hyperintelligence\src\Nexus.Tests.Unit\Nexus.Tests.Unit.csproj]
C:\Users\subnanda\Downloads\nexus-hyperintelligence\src\Nexus.Tests.Unit\TenantServiceTests.cs(117,18): error CS1061: 'TenantUsage' does not contain a definition for 'ActiveAgents' and no accessible extension method 'ActiveAgents' accepting a first argument of type 'TenantUsage' could be found (are you missing a using directive or an assembly reference?) [C:\Users\subnanda\Downloads\nexus-hyperintelligence\src\Nexus.Tests.Unit\Nexus.Tests.Unit.csproj]
C:\Users\subnanda\Downloads\nexus-hyperintelligence\src\Nexus.Tests.Unit\TenantServiceTests.cs(123,19): error CS1061: 'TenantService' does not contain a definition for 'IncrementSwarmCountAsync' and no accessible extension method 'IncrementSwarmCountAsync' accepting a first argument of type 'TenantService' could be found (are you missing a using directive or an assembly reference?) [C:\Users\subnanda\Downloads\nexus-hyperintelligence\src\Nexus.Tests.Unit\Nexus.Tests.Unit.csproj]
C:\Users\subnanda\Downloads\nexus-hyperintelligence\src\Nexus.Tests.Unit\TenantServiceTests.cs(125,18): error CS1061: 'TenantUsage' does not contain a definition for 'ActiveSwarms' and no accessible extension method 'ActiveSwarms' accepting a first argument of type 'TenantUsage' could be found (are you missing a using directive or an assembly reference?) [C:\Users\subnanda\Downloads\nexus-hyperintelligence\src\Nexus.Tests.Unit\Nexus.Tests.Unit.csproj]
C:\Users\subnanda\Downloads\nexus-hyperintelligence\src\Nexus.Tests.Unit\TenantServiceTests.cs(132,23): error CS1061: 'TenantService' does not contain a definition for 'IncrementApiCallsAsync' and no accessible extension method 'IncrementApiCallsAsync' accepting a first argument of type 'TenantService' could be found (are you missing a using directive or an assembly reference?) [C:\Users\subnanda\Downloads\nexus-hyperintelligence\src\Nexus.Tests.Unit\Nexus.Tests.Unit.csproj]
C:\Users\subnanda\Downloads\nexus-hyperintelligence\src\Nexus.Tests.Unit\TenantServiceTests.cs(134,18): error CS1061: 'TenantUsage' does not contain a definition for 'TotalApiCalls' and no accessible extension method 'TotalApiCalls' accepting a first argument of type 'TenantUsage' could be found (are you missing a using directive or an assembly reference?) [C:\Users\subnanda\Downloads\nexus-hyperintelligence\src\Nexus.Tests.Unit\Nexus.Tests.Unit.csproj]
C:\Users\subnanda\Downloads\nexus-hyperintelligence\src\Nexus.Tests.Unit\CryptoTests.cs(268,17): error CS8858: The receiver type 'ZkpProof' is not a valid record type and is not a struct type. [C:\Users\subnanda\Downloads\nexus-hyperintelligence\src\Nexus.Tests.Unit\Nexus.Tests.Unit.csproj]
C:\Users\subnanda\Downloads\nexus-hyperintelligence\src\Nexus.API\GraphQL\NexusQuery.cs(46,30): warning CS1998: This async method lacks 'await' operators and will run synchronously. Consider using the 'await' operator to await non-blocking API calls, or 'await Task.Run(...)' to do CPU-bound work on a background thread. [C:\Users\subnanda\Downloads\nexus-hyperintelligence\src\Nexus.API\Nexus.API.csproj]
C:\Users\subnanda\Downloads\nexus-hyperintelligence\src\Nexus.API\Controllers\ConnectorsController.cs(24,36): error CS1061: 'IConnectorRegistry' does not contain a definition for 'GetAll' and no accessible extension method 'GetAll' accepting a first argument of type 'IConnectorRegistry' could be found (are you missing a using directive or an assembly reference?) [C:\Users\subnanda\Downloads\nexus-hyperintelligence\src\Nexus.API\Nexus.API.csproj]
C:\Users\subnanda\Downloads\nexus-hyperintelligence\src\Nexus.API\Controllers\ConnectorsController.cs(28,13): error CS0828: Cannot assign 'method group' to anonymous type property [C:\Users\subnanda\Downloads\nexus-hyperintelligence\src\Nexus.API\Nexus.API.csproj]
C:\Users\subnanda\Downloads\nexus-hyperintelligence\src\Nexus.API\Controllers\ConnectorsController.cs(36,25): error CS1929: 'IConnectorRegistry' does not contain a definition for 'Get' and the best extension method overload 'SessionExtensions.Get(ISession, string)' requires a receiver of type 'Microsoft.AspNetCore.Http.ISession' [C:\Users\subnanda\Downloads\nexus-hyperintelligence\src\Nexus.API\Nexus.API.csproj]
C:\Users\subnanda\Downloads\nexus-hyperintelligence\src\Nexus.API\Controllers\ConnectorsController.cs(45,25): error CS1929: 'IConnectorRegistry' does not contain a definition for 'Get' and the best extension method overload 'SessionExtensions.Get(ISession, string)' requires a receiver of type 'Microsoft.AspNetCore.Http.ISession' [C:\Users\subnanda\Downloads\nexus-hyperintelligence\src\Nexus.API\Nexus.API.csproj]
C:\Users\subnanda\Downloads\nexus-hyperintelligence\src\Nexus.API\Controllers\ConnectorsController.cs(54,25): error CS1929: 'IConnectorRegistry' does not contain a definition for 'Get' and the best extension method overload 'SessionExtensions.Get(ISession, string)' requires a receiver of type 'Microsoft.AspNetCore.Http.ISession' [C:\Users\subnanda\Downloads\nexus-hyperintelligence\src\Nexus.API\Nexus.API.csproj]
C:\Users\subnanda\Downloads\nexus-hyperintelligence\src\Nexus.API\Hubs\AgentHub.cs(42,31): warning CS1998: This async method lacks 'await' operators and will run synchronously. Consider using the 'await' operator to await non-blocking API calls, or 'await Task.Run(...)' to do CPU-bound work on a background thread. [C:\Users\subnanda\Downloads\nexus-hyperintelligence\src\Nexus.API\Nexus.API.csproj]

Build FAILED.

C:\Users\subnanda\Downloads\nexus-hyperintelligence\src\Nexus.Agents\SwarmOrchestrator.cs(59,40): warning CS1998: This async method lacks 'await' operators and will run synchronously. Consider using the 'await' operator to await non-blocking API calls, or 'await Task.Run(...)' to do CPU-bound work on a background thread. [C:\Users\subnanda\Downloads\nexus-hyperintelligence\src\Nexus.Agents\Nexus.Agents.csproj]
C:\Users\subnanda\Downloads\nexus-hyperintelligence\src\Nexus.API\GraphQL\NexusQuery.cs(46,30): warning CS1998: This async method lacks 'await' operators and will run synchronously. Consider using the 'await' operator to await non-blocking API calls, or 'await Task.Run(...)' to do CPU-bound work on a background thread. [C:\Users\subnanda\Downloads\nexus-hyperintelligence\src\Nexus.API\Nexus.API.csproj]
C:\Users\subnanda\Downloads\nexus-hyperintelligence\src\Nexus.API\Hubs\AgentHub.cs(42,31): warning CS1998: This async method lacks 'await' operators and will run synchronously. Consider using the 'await' operator to await non-blocking API calls, or 'await Task.Run(...)' to do CPU-bound work on a background thread. [C:\Users\subnanda\Downloads\nexus-hyperintelligence\src\Nexus.API\Nexus.API.csproj]
C:\Users\subnanda\Downloads\nexus-hyperintelligence\src\Nexus.Tests.Unit\TenantServiceTests.cs(153,19): error CS1061: 'KnowledgeGraphService' does not contain a definition for 'AddNodeAsync' and no accessible extension method 'AddNodeAsync' accepting a first argument of type 'KnowledgeGraphService' could be found (are you missing a using directive or an assembly reference?) [C:\Users\subnanda\Downloads\nexus-hyperintelligence\src\Nexus.Tests.Unit\Nexus.Tests.Unit.csproj]
C:\Users\subnanda\Downloads\nexus-hyperintelligence\src\Nexus.Tests.Unit\TenantServiceTests.cs(154,65): error CS0117: 'KnowledgeQuery' does not contain a definition for 'Query' [C:\Users\subnanda\Downloads\nexus-hyperintelligence\src\Nexus.Tests.Unit\Nexus.Tests.Unit.csproj]
C:\Users\subnanda\Downloads\nexus-hyperintelligence\src\Nexus.Tests.Unit\ConnectorTests.cs(109,13): error CS1061: 'EventBusService' does not contain a definition for 'Subscribe' and no accessible extension method 'Subscribe' accepting a first argument of type 'EventBusService' could be found (are you missing a using directive or an assembly reference?) [C:\Users\subnanda\Downloads\nexus-hyperintelligence\src\Nexus.Tests.Unit\Nexus.Tests.Unit.csproj]
C:\Users\subnanda\Downloads\nexus-hyperintelligence\src\Nexus.Tests.Unit\ConnectorTests.cs(110,23): error CS7036: There is no argument given that corresponds to the required parameter 'EventId' of 'AgentEvent.AgentEvent(string, string, string, string, DateTimeOffset, Dictionary<string, object>)' [C:\Users\subnanda\Downloads\nexus-hyperintelligence\src\Nexus.Tests.Unit\Nexus.Tests.Unit.csproj]
C:\Users\subnanda\Downloads\nexus-hyperintelligence\src\Nexus.Tests.Unit\TenantServiceTests.cs(161,19): error CS1061: 'KnowledgeGraphService' does not contain a definition for 'AddNodeAsync' and no accessible extension method 'AddNodeAsync' accepting a first argument of type 'KnowledgeGraphService' could be found (are you missing a using directive or an assembly reference?) [C:\Users\subnanda\Downloads\nexus-hyperintelligence\src\Nexus.Tests.Unit\Nexus.Tests.Unit.csproj]
C:\Users\subnanda\Downloads\nexus-hyperintelligence\src\Nexus.Tests.Unit\TenantServiceTests.cs(162,19): error CS1061: 'KnowledgeGraphService' does not contain a definition for 'AddNodeAsync' and no accessible extension method 'AddNodeAsync' accepting a first argument of type 'KnowledgeGraphService' could be found (are you missing a using directive or an assembly reference?) [C:\Users\subnanda\Downloads\nexus-hyperintelligence\src\Nexus.Tests.Unit\Nexus.Tests.Unit.csproj]
C:\Users\subnanda\Downloads\nexus-hyperintelligence\src\Nexus.Tests.Unit\TenantServiceTests.cs(163,40): error CS0117: 'KnowledgeEdge' does not contain a definition for 'FromNodeId' [C:\Users\subnanda\Downloads\nexus-hyperintelligence\src\Nexus.Tests.Unit\Nexus.Tests.Unit.csproj]
C:\Users\subnanda\Downloads\nexus-hyperintelligence\src\Nexus.Tests.Unit\TenantServiceTests.cs(163,58): error CS0117: 'KnowledgeEdge' does not contain a definition for 'ToNodeId' [C:\Users\subnanda\Downloads\nexus-hyperintelligence\src\Nexus.Tests.Unit\Nexus.Tests.Unit.csproj]
C:\Users\subnanda\Downloads\nexus-hyperintelligence\src\Nexus.Tests.Unit\TenantServiceTests.cs(164,19): error CS1061: 'KnowledgeGraphService' does not contain a definition for 'AddEdgeAsync' and no accessible extension method 'AddEdgeAsync' accepting a first argument of type 'KnowledgeGraphService' could be found (are you missing a using directive or an assembly reference?) [C:\Users\subnanda\Downloads\nexus-hyperintelligence\src\Nexus.Tests.Unit\Nexus.Tests.Unit.csproj]
C:\Users\subnanda\Downloads\nexus-hyperintelligence\src\Nexus.Tests.Unit\TenantServiceTests.cs(165,65): error CS0117: 'KnowledgeQuery' does not contain a definition for 'Query' [C:\Users\subnanda\Downloads\nexus-hyperintelligence\src\Nexus.Tests.Unit\Nexus.Tests.Unit.csproj]
C:\Users\subnanda\Downloads\nexus-hyperintelligence\src\Nexus.Tests.Unit\ConnectorTests.cs(119,70): error CS7036: There is no argument given that corresponds to the required parameter 'EventId' of 'AgentEvent.AgentEvent(string, string, string, string, DateTimeOffset, Dictionary<string, object>)' [C:\Users\subnanda\Downloads\nexus-hyperintelligence\src\Nexus.Tests.Unit\Nexus.Tests.Unit.csproj]
C:\Users\subnanda\Downloads\nexus-hyperintelligence\src\Nexus.Tests.Unit\TenantServiceTests.cs(173,86): error CS0117: 'KnowledgeNode' does not contain a definition for 'EmbeddingVector' [C:\Users\subnanda\Downloads\nexus-hyperintelligence\src\Nexus.Tests.Unit\Nexus.Tests.Unit.csproj]
C:\Users\subnanda\Downloads\nexus-hyperintelligence\src\Nexus.Tests.Unit\TenantServiceTests.cs(173,23): error CS1061: 'KnowledgeGraphService' does not contain a definition for 'AddNodeAsync' and no accessible extension method 'AddNodeAsync' accepting a first argument of type 'KnowledgeGraphService' could be found (are you missing a using directive or an assembly reference?) [C:\Users\subnanda\Downloads\nexus-hyperintelligence\src\Nexus.Tests.Unit\Nexus.Tests.Unit.csproj]
C:\Users\subnanda\Downloads\nexus-hyperintelligence\src\Nexus.Tests.Unit\TenantServiceTests.cs(174,33): error CS1061: 'KnowledgeGraphService' does not contain a definition for 'SemanticSearchAsync' and no accessible extension method 'SemanticSearchAsync' accepting a first argument of type 'KnowledgeGraphService' could be found (are you missing a using directive or an assembly reference?) [C:\Users\subnanda\Downloads\nexus-hyperintelligence\src\Nexus.Tests.Unit\Nexus.Tests.Unit.csproj]
C:\Users\subnanda\Downloads\nexus-hyperintelligence\src\Nexus.Tests.Unit\SwarmTests.cs(168,27): error CS7036: There is no argument given that corresponds to the required parameter 'eventBus' of 'AgentFactory.AgentFactory(ILogger<AgentFactory>, ILoggerFactory, IEventBusService)' [C:\Users\subnanda\Downloads\nexus-hyperintelligence\src\Nexus.Tests.Unit\Nexus.Tests.Unit.csproj]
C:\Users\subnanda\Downloads\nexus-hyperintelligence\src\Nexus.Tests.Unit\SwarmTests.cs(29,30): error CS0117: 'SwarmStatus' does not contain a definition for 'Initializing' [C:\Users\subnanda\Downloads\nexus-hyperintelligence\src\Nexus.Tests.Unit\Nexus.Tests.Unit.csproj]
C:\Users\subnanda\Downloads\nexus-hyperintelligence\src\Nexus.Tests.Unit\TenantServiceTests.cs(181,20): error CS1061: 'KnowledgeGraphService' does not contain a definition for 'GetNodeCountAsync' and no accessible extension method 'GetNodeCountAsync' accepting a first argument of type 'KnowledgeGraphService' could be found (are you missing a using directive or an assembly reference?) [C:\Users\subnanda\Downloads\nexus-hyperintelligence\src\Nexus.Tests.Unit\Nexus.Tests.Unit.csproj]
C:\Users\subnanda\Downloads\nexus-hyperintelligence\src\Nexus.Tests.Unit\ConnectorTests.cs(126,13): error CS1061: 'EventBusService' does not contain a definition for 'Subscribe' and no accessible extension method 'Subscribe' accepting a first argument of type 'EventBusService' could be found (are you missing a using directive or an assembly reference?) [C:\Users\subnanda\Downloads\nexus-hyperintelligence\src\Nexus.Tests.Unit\Nexus.Tests.Unit.csproj]
C:\Users\subnanda\Downloads\nexus-hyperintelligence\src\Nexus.Tests.Unit\ConnectorTests.cs(127,13): error CS1061: 'EventBusService' does not contain a definition for 'Subscribe' and no accessible extension method 'Subscribe' accepting a first argument of type 'EventBusService' could be found (are you missing a using directive or an assembly reference?) [C:\Users\subnanda\Downloads\nexus-hyperintelligence\src\Nexus.Tests.Unit\Nexus.Tests.Unit.csproj]
C:\Users\subnanda\Downloads\nexus-hyperintelligence\src\Nexus.Tests.Unit\ConnectorTests.cs(128,47): error CS7036: There is no argument given that corresponds to the required parameter 'EventId' of 'AgentEvent.AgentEvent(string, string, string, string, DateTimeOffset, Dictionary<string, object>)' [C:\Users\subnanda\Downloads\nexus-hyperintelligence\src\Nexus.Tests.Unit\Nexus.Tests.Unit.csproj]
C:\Users\subnanda\Downloads\nexus-hyperintelligence\src\Nexus.Tests.Unit\TenantServiceTests.cs(188,23): error CS1061: 'KnowledgeGraphService' does not contain a definition for 'AddNodeAsync' and no accessible extension method 'AddNodeAsync' accepting a first argument of type 'KnowledgeGraphService' could be found (are you missing a using directive or an assembly reference?) [C:\Users\subnanda\Downloads\nexus-hyperintelligence\src\Nexus.Tests.Unit\Nexus.Tests.Unit.csproj]
C:\Users\subnanda\Downloads\nexus-hyperintelligence\src\Nexus.Tests.Unit\TenantServiceTests.cs(189,20): error CS1061: 'KnowledgeGraphService' does not contain a definition for 'GetNodeCountAsync' and no accessible extension method 'GetNodeCountAsync' accepting a first argument of type 'KnowledgeGraphService' could be found (are you missing a using directive or an assembly reference?) [C:\Users\subnanda\Downloads\nexus-hyperintelligence\src\Nexus.Tests.Unit\Nexus.Tests.Unit.csproj]
C:\Users\subnanda\Downloads\nexus-hyperintelligence\src\Nexus.Tests.Unit\SwarmTests.cs(176,27): error CS7036: There is no argument given that corresponds to the required parameter 'eventBus' of 'AgentFactory.AgentFactory(ILogger<AgentFactory>, ILoggerFactory, IEventBusService)' [C:\Users\subnanda\Downloads\nexus-hyperintelligence\src\Nexus.Tests.Unit\Nexus.Tests.Unit.csproj]
C:\Users\subnanda\Downloads\nexus-hyperintelligence\src\Nexus.Tests.Unit\ConnectorTests.cs(136,13): error CS1061: 'EventBusService' does not contain a definition for 'Subscribe' and no accessible extension method 'Subscribe' accepting a first argument of type 'EventBusService' could be found (are you missing a using directive or an assembly reference?) [C:\Users\subnanda\Downloads\nexus-hyperintelligence\src\Nexus.Tests.Unit\Nexus.Tests.Unit.csproj]
C:\Users\subnanda\Downloads\nexus-hyperintelligence\src\Nexus.Tests.Unit\ConnectorTests.cs(137,13): error CS1061: 'EventBusService' does not contain a definition for 'Subscribe' and no accessible extension method 'Subscribe' accepting a first argument of type 'EventBusService' could be found (are you missing a using directive or an assembly reference?) [C:\Users\subnanda\Downloads\nexus-hyperintelligence\src\Nexus.Tests.Unit\Nexus.Tests.Unit.csproj]
C:\Users\subnanda\Downloads\nexus-hyperintelligence\src\Nexus.Tests.Unit\ConnectorTests.cs(138,41): error CS7036: There is no argument given that corresponds to the required parameter 'EventId' of 'AgentEvent.AgentEvent(string, string, string, string, DateTimeOffset, Dictionary<string, object>)' [C:\Users\subnanda\Downloads\nexus-hyperintelligence\src\Nexus.Tests.Unit\Nexus.Tests.Unit.csproj]
C:\Users\subnanda\Downloads\nexus-hyperintelligence\src\Nexus.Tests.Unit\SwarmTests.cs(57,21): error CS0103: The name 'SwarmFactory' does not exist in the current context [C:\Users\subnanda\Downloads\nexus-hyperintelligence\src\Nexus.Tests.Unit\Nexus.Tests.Unit.csproj]
C:\Users\subnanda\Downloads\nexus-hyperintelligence\src\Nexus.Tests.Unit\ConnectorTests.cs(146,13): error CS1061: 'EventBusService' does not contain a definition for 'Subscribe' and no accessible extension method 'Subscribe' accepting a first argument of type 'EventBusService' could be found (are you missing a using directive or an assembly reference?) [C:\Users\subnanda\Downloads\nexus-hyperintelligence\src\Nexus.Tests.Unit\Nexus.Tests.Unit.csproj]
C:\Users\subnanda\Downloads\nexus-hyperintelligence\src\Nexus.Tests.Unit\ConnectorTests.cs(147,52): error CS7036: There is no argument given that corresponds to the required parameter 'EventId' of 'SwarmEvent.SwarmEvent(string, string, string, string, DateTimeOffset, Dictionary<string, object>)' [C:\Users\subnanda\Downloads\nexus-hyperintelligence\src\Nexus.Tests.Unit\Nexus.Tests.Unit.csproj]
C:\Users\subnanda\Downloads\nexus-hyperintelligence\src\Nexus.Tests.Unit\SwarmTests.cs(80,21): error CS0103: The name 'SwarmFactory' does not exist in the current context [C:\Users\subnanda\Downloads\nexus-hyperintelligence\src\Nexus.Tests.Unit\Nexus.Tests.Unit.csproj]
C:\Users\subnanda\Downloads\nexus-hyperintelligence\src\Nexus.Tests.Unit\SwarmTests.cs(91,21): error CS0103: The name 'SwarmFactory' does not exist in the current context [C:\Users\subnanda\Downloads\nexus-hyperintelligence\src\Nexus.Tests.Unit\Nexus.Tests.Unit.csproj]
C:\Users\subnanda\Downloads\nexus-hyperintelligence\src\Nexus.Tests.Unit\SwarmTests.cs(98,21): error CS0103: The name 'SwarmFactory' does not exist in the current context [C:\Users\subnanda\Downloads\nexus-hyperintelligence\src\Nexus.Tests.Unit\Nexus.Tests.Unit.csproj]
C:\Users\subnanda\Downloads\nexus-hyperintelligence\src\Nexus.Tests.Unit\SwarmTests.cs(106,21): error CS0103: The name 'SwarmFactory' does not exist in the current context [C:\Users\subnanda\Downloads\nexus-hyperintelligence\src\Nexus.Tests.Unit\Nexus.Tests.Unit.csproj]
C:\Users\subnanda\Downloads\nexus-hyperintelligence\src\Nexus.Tests.Unit\SwarmTests.cs(184,27): error CS7036: There is no argument given that corresponds to the required parameter 'eventBus' of 'AgentFactory.AgentFactory(ILogger<AgentFactory>, ILoggerFactory, IEventBusService)' [C:\Users\subnanda\Downloads\nexus-hyperintelligence\src\Nexus.Tests.Unit\Nexus.Tests.Unit.csproj]
C:\Users\subnanda\Downloads\nexus-hyperintelligence\src\Nexus.Tests.Unit\SwarmTests.cs(114,21): error CS0103: The name 'SwarmFactory' does not exist in the current context [C:\Users\subnanda\Downloads\nexus-hyperintelligence\src\Nexus.Tests.Unit\Nexus.Tests.Unit.csproj]
C:\Users\subnanda\Downloads\nexus-hyperintelligence\src\Nexus.Tests.Unit\SwarmTests.cs(192,27): error CS7036: There is no argument given that corresponds to the required parameter 'eventBus' of 'AgentFactory.AgentFactory(ILogger<AgentFactory>, ILoggerFactory, IEventBusService)' [C:\Users\subnanda\Downloads\nexus-hyperintelligence\src\Nexus.Tests.Unit\Nexus.Tests.Unit.csproj]
C:\Users\subnanda\Downloads\nexus-hyperintelligence\src\Nexus.Tests.Unit\SwarmTests.cs(121,21): error CS0103: The name 'SwarmFactory' does not exist in the current context [C:\Users\subnanda\Downloads\nexus-hyperintelligence\src\Nexus.Tests.Unit\Nexus.Tests.Unit.csproj]
C:\Users\subnanda\Downloads\nexus-hyperintelligence\src\Nexus.Tests.Unit\SwarmTests.cs(129,21): error CS0103: The name 'SwarmFactory' does not exist in the current context [C:\Users\subnanda\Downloads\nexus-hyperintelligence\src\Nexus.Tests.Unit\Nexus.Tests.Unit.csproj]
C:\Users\subnanda\Downloads\nexus-hyperintelligence\src\Nexus.Tests.Unit\SwarmTests.cs(200,27): error CS7036: There is no argument given that corresponds to the required parameter 'eventBus' of 'AgentFactory.AgentFactory(ILogger<AgentFactory>, ILoggerFactory, IEventBusService)' [C:\Users\subnanda\Downloads\nexus-hyperintelligence\src\Nexus.Tests.Unit\Nexus.Tests.Unit.csproj]
C:\Users\subnanda\Downloads\nexus-hyperintelligence\src\Nexus.Tests.Unit\TenantServiceTests.cs(53,62): error CS0117: 'TenantCreateRequest' does not contain a definition for 'ContactEmail' [C:\Users\subnanda\Downloads\nexus-hyperintelligence\src\Nexus.Tests.Unit\Nexus.Tests.Unit.csproj]
C:\Users\subnanda\Downloads\nexus-hyperintelligence\src\Nexus.Tests.Unit\SwarmTests.cs(138,21): error CS0103: The name 'SwarmFactory' does not exist in the current context [C:\Users\subnanda\Downloads\nexus-hyperintelligence\src\Nexus.Tests.Unit\Nexus.Tests.Unit.csproj]
C:\Users\subnanda\Downloads\nexus-hyperintelligence\src\Nexus.Tests.Unit\TenantServiceTests.cs(63,83): error CS0117: 'TenantCreateRequest' does not contain a definition for 'ContactEmail' [C:\Users\subnanda\Downloads\nexus-hyperintelligence\src\Nexus.Tests.Unit\Nexus.Tests.Unit.csproj]
C:\Users\subnanda\Downloads\nexus-hyperintelligence\src\Nexus.Tests.Unit\SwarmTests.cs(147,21): error CS0103: The name 'SwarmFactory' does not exist in the current context [C:\Users\subnanda\Downloads\nexus-hyperintelligence\src\Nexus.Tests.Unit\Nexus.Tests.Unit.csproj]
C:\Users\subnanda\Downloads\nexus-hyperintelligence\src\Nexus.Tests.Unit\TenantServiceTests.cs(70,83): error CS0117: 'TenantCreateRequest' does not contain a definition for 'ContactEmail' [C:\Users\subnanda\Downloads\nexus-hyperintelligence\src\Nexus.Tests.Unit\Nexus.Tests.Unit.csproj]
C:\Users\subnanda\Downloads\nexus-hyperintelligence\src\Nexus.Tests.Unit\TenantServiceTests.cs(77,29): error CS1061: 'TenantService' does not contain a definition for 'GetAllTenantsAsync' and no accessible extension method 'GetAllTenantsAsync' accepting a first argument of type 'TenantService' could be found (are you missing a using directive or an assembly reference?) [C:\Users\subnanda\Downloads\nexus-hyperintelligence\src\Nexus.Tests.Unit\Nexus.Tests.Unit.csproj]
C:\Users\subnanda\Downloads\nexus-hyperintelligence\src\Nexus.Tests.Unit\TenantServiceTests.cs(84,79): error CS0117: 'TenantCreateRequest' does not contain a definition for 'ContactEmail' [C:\Users\subnanda\Downloads\nexus-hyperintelligence\src\Nexus.Tests.Unit\Nexus.Tests.Unit.csproj]
C:\Users\subnanda\Downloads\nexus-hyperintelligence\src\Nexus.Tests.Unit\TenantServiceTests.cs(85,29): error CS1061: 'TenantService' does not contain a definition for 'GetAllTenantsAsync' and no accessible extension method 'GetAllTenantsAsync' accepting a first argument of type 'TenantService' could be found (are you missing a using directive or an assembly reference?) [C:\Users\subnanda\Downloads\nexus-hyperintelligence\src\Nexus.Tests.Unit\Nexus.Tests.Unit.csproj]
C:\Users\subnanda\Downloads\nexus-hyperintelligence\src\Nexus.Tests.Unit\TenantServiceTests.cs(107,83): error CS0117: 'TenantCreateRequest' does not contain a definition for 'ContactEmail' [C:\Users\subnanda\Downloads\nexus-hyperintelligence\src\Nexus.Tests.Unit\Nexus.Tests.Unit.csproj]
C:\Users\subnanda\Downloads\nexus-hyperintelligence\src\Nexus.Tests.Unit\TenantServiceTests.cs(115,19): error CS1061: 'TenantService' does not contain a definition for 'IncrementAgentCountAsync' and no accessible extension method 'IncrementAgentCountAsync' accepting a first argument of type 'TenantService' could be found (are you missing a using directive or an assembly reference?) [C:\Users\subnanda\Downloads\nexus-hyperintelligence\src\Nexus.Tests.Unit\Nexus.Tests.Unit.csproj]
C:\Users\subnanda\Downloads\nexus-hyperintelligence\src\Nexus.Tests.Unit\TenantServiceTests.cs(117,18): error CS1061: 'TenantUsage' does not contain a definition for 'ActiveAgents' and no accessible extension method 'ActiveAgents' accepting a first argument of type 'TenantUsage' could be found (are you missing a using directive or an assembly reference?) [C:\Users\subnanda\Downloads\nexus-hyperintelligence\src\Nexus.Tests.Unit\Nexus.Tests.Unit.csproj]
C:\Users\subnanda\Downloads\nexus-hyperintelligence\src\Nexus.Tests.Unit\TenantServiceTests.cs(123,19): error CS1061: 'TenantService' does not contain a definition for 'IncrementSwarmCountAsync' and no accessible extension method 'IncrementSwarmCountAsync' accepting a first argument of type 'TenantService' could be found (are you missing a using directive or an assembly reference?) [C:\Users\subnanda\Downloads\nexus-hyperintelligence\src\Nexus.Tests.Unit\Nexus.Tests.Unit.csproj]
C:\Users\subnanda\Downloads\nexus-hyperintelligence\src\Nexus.Tests.Unit\TenantServiceTests.cs(125,18): error CS1061: 'TenantUsage' does not contain a definition for 'ActiveSwarms' and no accessible extension method 'ActiveSwarms' accepting a first argument of type 'TenantUsage' could be found (are you missing a using directive or an assembly reference?) [C:\Users\subnanda\Downloads\nexus-hyperintelligence\src\Nexus.Tests.Unit\Nexus.Tests.Unit.csproj]
C:\Users\subnanda\Downloads\nexus-hyperintelligence\src\Nexus.Tests.Unit\TenantServiceTests.cs(132,23): error CS1061: 'TenantService' does not contain a definition for 'IncrementApiCallsAsync' and no accessible extension method 'IncrementApiCallsAsync' accepting a first argument of type 'TenantService' could be found (are you missing a using directive or an assembly reference?) [C:\Users\subnanda\Downloads\nexus-hyperintelligence\src\Nexus.Tests.Unit\Nexus.Tests.Unit.csproj]
C:\Users\subnanda\Downloads\nexus-hyperintelligence\src\Nexus.Tests.Unit\TenantServiceTests.cs(134,18): error CS1061: 'TenantUsage' does not contain a definition for 'TotalApiCalls' and no accessible extension method 'TotalApiCalls' accepting a first argument of type 'TenantUsage' could be found (are you missing a using directive or an assembly reference?) [C:\Users\subnanda\Downloads\nexus-hyperintelligence\src\Nexus.Tests.Unit\Nexus.Tests.Unit.csproj]
C:\Users\subnanda\Downloads\nexus-hyperintelligence\src\Nexus.Tests.Unit\CryptoTests.cs(268,17): error CS8858: The receiver type 'ZkpProof' is not a valid record type and is not a struct type. [C:\Users\subnanda\Downloads\nexus-hyperintelligence\src\Nexus.Tests.Unit\Nexus.Tests.Unit.csproj]
C:\Users\subnanda\Downloads\nexus-hyperintelligence\src\Nexus.API\Controllers\ConnectorsController.cs(24,36): error CS1061: 'IConnectorRegistry' does not contain a definition for 'GetAll' and no accessible extension method 'GetAll' accepting a first argument of type 'IConnectorRegistry' could be found (are you missing a using directive or an assembly reference?) [C:\Users\subnanda\Downloads\nexus-hyperintelligence\src\Nexus.API\Nexus.API.csproj]
C:\Users\subnanda\Downloads\nexus-hyperintelligence\src\Nexus.API\Controllers\ConnectorsController.cs(28,13): error CS0828: Cannot assign 'method group' to anonymous type property [C:\Users\subnanda\Downloads\nexus-hyperintelligence\src\Nexus.API\Nexus.API.csproj]
C:\Users\subnanda\Downloads\nexus-hyperintelligence\src\Nexus.API\Controllers\ConnectorsController.cs(36,25): error CS1929: 'IConnectorRegistry' does not contain a definition for 'Get' and the best extension method overload 'SessionExtensions.Get(ISession, string)' requires a receiver of type 'Microsoft.AspNetCore.Http.ISession' [C:\Users\subnanda\Downloads\nexus-hyperintelligence\src\Nexus.API\Nexus.API.csproj]
C:\Users\subnanda\Downloads\nexus-hyperintelligence\src\Nexus.API\Controllers\ConnectorsController.cs(45,25): error CS1929: 'IConnectorRegistry' does not contain a definition for 'Get' and the best extension method overload 'SessionExtensions.Get(ISession, string)' requires a receiver of type 'Microsoft.AspNetCore.Http.ISession' [C:\Users\subnanda\Downloads\nexus-hyperintelligence\src\Nexus.API\Nexus.API.csproj]
C:\Users\subnanda\Downloads\nexus-hyperintelligence\src\Nexus.API\Controllers\ConnectorsController.cs(54,25): error CS1929: 'IConnectorRegistry' does not contain a definition for 'Get' and the best extension method overload 'SessionExtensions.Get(ISession, string)' requires a receiver of type 'Microsoft.AspNetCore.Http.ISession' [C:\Users\subnanda\Downloads\nexus-hyperintelligence\src\Nexus.API\Nexus.API.csproj]
    3 Warning(s)
    60 Error(s)

Time Elapsed 00:00:03.49
